Testing agent_service...
